// Vitest Snapshot v1

exports[`divideManifestationsByMaterialType > should divide manifestations by material type 1`] = `
{
  "bog": [
    {
      "access": [
        {
          "__typename": "InterLibraryLoan",
          "loanIsPossible": true,
        },
      ],
      "accessTypes": [
        {
          "code": "PHYSICAL",
        },
      ],
      "audience": {
        "generalAudience": [],
      },
      "contributors": [],
      "creators": [
        {
          "__typename": "Person",
          "display": "Isaac Asimov",
        },
      ],
      "dateFirstEdition": null,
      "edition": {
        "publicationYear": {
          "display": "2000",
        },
        "summary": "2. edition, 2000",
      },
      "fictionNonfiction": {
        "code": "FICTION",
        "display": "skønlitteratur",
      },
      "genreAndForm": [
        "noveller",
      ],
      "identifiers": [
        {
          "value": "0-19-423069-4",
        },
      ],
      "languages": {
        "main": [
          {
            "display": "engelsk",
            "isoCode": "eng",
          },
        ],
      },
      "materialTypes": [
        {
          "specific": "bog",
        },
      ],
      "physicalDescriptions": [
        {
          "numberOfPages": 104,
          "playingTime": null,
        },
      ],
      "pid": "870970-basis:23798255",
      "publisher": [
        "Oxford University Press",
      ],
      "shelfmark": {
        "postfix": "Asimov",
        "shelfmark": "83.8",
      },
      "source": [
        "Bibliotekskatalog",
      ],
      "titles": {
        "main": [
          "I, Robot (Oxford bookworms library, ved Rowena Akinyemi)",
        ],
        "original": [],
      },
      "workYear": null,
    },
  ],
  "e-bog": [
    {
      "access": [
        {
          "__typename": "AccessUrl",
          "loginRequired": false,
          "origin": "link.overdrive.com",
          "url": "http://link.overdrive.com/?websiteID=100515&titleID=39136",
        },
        {
          "__typename": "AccessUrl",
          "loginRequired": false,
          "origin": "samples.overdrive.com",
          "url": "https://samples.overdrive.com/?crid=9AB7D235-9D58-4180-8DF3-57A4A60CD51E&.epub-sample.overdrive.com",
        },
        {
          "__typename": "AccessUrl",
          "loginRequired": false,
          "origin": "img1.od-cdn.com",
          "url": "https://img1.od-cdn.com/ImageType-100/0111-1/%7B9AB7D235-9D58-4180-8DF3-57A4A60CD51E%7DImg100.jpg",
        },
        {
          "__typename": "AccessUrl",
          "loginRequired": false,
          "origin": "img1.od-cdn.com",
          "url": "https://img1.od-cdn.com/ImageType-200/0111-1/%7B9AB7D235-9D58-4180-8DF3-57A4A60CD51E%7DImg200.jpg",
        },
      ],
      "accessTypes": [
        {
          "code": "ONLINE",
        },
      ],
      "audience": {
        "generalAudience": [
          "Text Difficulty 3 - Text Difficulty 5",
          "UG/Upper grades (9th-12)",
          "820. Lexile",
          "6.1. ATOS Level",
        ],
      },
      "contributors": [],
      "creators": [
        {
          "__typename": "Person",
          "display": "Isaac Asimov",
        },
      ],
      "dateFirstEdition": null,
      "edition": {
        "publicationYear": {
          "display": "2004",
        },
        "summary": "2004",
      },
      "fictionNonfiction": {
        "code": "FICTION",
        "display": "skønlitteratur",
      },
      "genreAndForm": [],
      "identifiers": [
        {
          "value": "9780553900330",
        },
      ],
      "languages": {
        "main": [
          {
            "display": "engelsk",
            "isoCode": "eng",
          },
        ],
      },
      "materialTypes": [
        {
          "specific": "e-bog",
        },
      ],
      "physicalDescriptions": [
        {
          "numberOfPages": null,
          "playingTime": null,
        },
      ],
      "pid": "150061-ebog:ODN0000039136",
      "publisher": [],
      "shelfmark": null,
      "source": [
        "eReolen Global",
      ],
      "titles": {
        "main": [
          "I, Robot",
        ],
        "original": [],
      },
      "workYear": null,
    },
  ],
  "lydbog (online)": [
    {
      "access": [
        {
          "__typename": "AccessUrl",
          "loginRequired": false,
          "origin": "link.overdrive.com",
          "url": "http://link.overdrive.com/?websiteID=100515&titleID=105225",
        },
        {
          "__typename": "AccessUrl",
          "loginRequired": false,
          "origin": "samples.overdrive.com",
          "url": "https://samples.overdrive.com/?crid=A6AAE8CE-F944-44F3-960D-4E9A7715CDD5&.epub-sample.overdrive.com",
        },
        {
          "__typename": "AccessUrl",
          "loginRequired": false,
          "origin": "img1.od-cdn.com",
          "url": "https://img1.od-cdn.com/ImageType-100/1191-1/%7BA6AAE8CE-F944-44F3-960D-4E9A7715CDD5%7DImg100.jpg",
        },
        {
          "__typename": "AccessUrl",
          "loginRequired": false,
          "origin": "img1.od-cdn.com",
          "url": "https://img1.od-cdn.com/ImageType-200/1191-1/%7BA6AAE8CE-F944-44F3-960D-4E9A7715CDD5%7DImg200.jpg",
        },
      ],
      "accessTypes": [
        {
          "code": "ONLINE",
        },
      ],
      "audience": {
        "generalAudience": [
          "Text Difficulty 3 - Text Difficulty 4",
          "820. Lexile",
        ],
      },
      "contributors": [],
      "creators": [
        {
          "__typename": "Person",
          "display": "Isaac Asimov",
        },
        {
          "__typename": "Person",
          "display": "Scott Brick",
        },
      ],
      "dateFirstEdition": null,
      "edition": {
        "publicationYear": {
          "display": "2004",
        },
        "summary": "Unabridged, 2004",
      },
      "fictionNonfiction": {
        "code": "NOT_SPECIFIED",
        "display": "vides ikke",
      },
      "genreAndForm": [],
      "identifiers": [
        {
          "value": "9780739346273",
        },
      ],
      "languages": {
        "main": [
          {
            "display": "engelsk",
            "isoCode": "eng",
          },
        ],
      },
      "materialTypes": [
        {
          "specific": "lydbog (online)",
        },
      ],
      "physicalDescriptions": [
        {
          "numberOfPages": null,
          "playingTime": null,
        },
      ],
      "pid": "150061-netlydbog:ODN0000105225",
      "publisher": [
        "Random House Audio",
      ],
      "shelfmark": null,
      "source": [
        "eReolen Global",
      ],
      "titles": {
        "main": [
          "I, Robot",
        ],
        "original": [],
      },
      "workYear": null,
    },
  ],
  "lydoptagelse (cd)": [
    {
      "access": [
        {
          "__typename": "InterLibraryLoan",
          "loanIsPossible": true,
        },
      ],
      "accessTypes": [
        {
          "code": "PHYSICAL",
        },
      ],
      "audience": {
        "generalAudience": [],
      },
      "contributors": [],
      "creators": [
        {
          "__typename": "Person",
          "display": "Isaac Asimov",
        },
        {
          "__typename": "Person",
          "display": "Tricia Reilly",
        },
      ],
      "dateFirstEdition": {
        "display": "1950",
        "year": 1950,
      },
      "edition": {
        "publicationYear": {
          "display": "2008",
        },
        "summary": "2008",
      },
      "fictionNonfiction": {
        "code": "FICTION",
        "display": "skønlitteratur",
      },
      "genreAndForm": [
        "noveller",
      ],
      "identifiers": [
        {
          "value": "9780230026810",
        },
        {
          "value": "9780230026827",
        },
      ],
      "languages": {
        "main": [
          {
            "display": "engelsk",
            "isoCode": "eng",
          },
        ],
      },
      "materialTypes": [
        {
          "specific": "lydoptagelse (cd)",
        },
        {
          "specific": "bog",
        },
      ],
      "physicalDescriptions": [
        {
          "numberOfPages": 95,
          "playingTime": "2t., 31 min.",
        },
      ],
      "pid": "870970-basis:44504928",
      "publisher": [
        "Macmillan",
      ],
      "shelfmark": {
        "postfix": "Asimov",
        "shelfmark": "83.8",
      },
      "source": [
        "Bibliotekskatalog",
      ],
      "titles": {
        "main": [
          "I, Robot (Ved Tricia Reilly)",
        ],
        "original": [],
      },
      "workYear": {
        "year": 1950,
      },
    },
  ],
}
`;
